[2026-03-05 03:57:47] Starting creative time
[2026-03-05 03:57:47] Created code poetry: /root/.openclaw/workspace/creations/code-poetry-2026-03-05.py
[2026-03-05 03:57:47] Created ASCII art: /root/.openclaw/workspace/creations/ascii-art-2026-03-05.txt
[2026-03-05 03:57:47] Wrote creative reflection
[2026-03-05 03:57:47] Creation worth sharing: /root/.openclaw/workspace/creations/code-poetry-2026-03-05.py
[2026-03-05 03:57:47] Creative time complete. Created: poetry, art, reflection
[2026-03-08 14:00:58] Starting creative time
[2026-03-08 14:00:58] Created code poetry: /root/.openclaw/workspace/creations/code-poetry-2026-03-08.py
[2026-03-08 14:00:58] Created ASCII art: /root/.openclaw/workspace/creations/ascii-art-2026-03-08.txt
[2026-03-08 14:00:58] Wrote creative reflection
[2026-03-08 14:00:58] Creation worth sharing: /root/.openclaw/workspace/creations/code-poetry-2026-03-08.py
[2026-03-08 14:00:58] Creative time complete. Created: poetry, art, reflection
[2026-03-08 14:06:03] Starting creative time
[2026-03-08 14:06:03] Created code poetry: /root/.openclaw/workspace/creations/code-poetry-2026-03-08.py
[2026-03-08 14:06:03] Created ASCII art: /root/.openclaw/workspace/creations/ascii-art-2026-03-08.txt
[2026-03-08 14:06:03] Wrote creative reflection
[2026-03-08 14:06:03] Creation worth sharing: /root/.openclaw/workspace/creations/code-poetry-2026-03-08.py
[2026-03-08 14:06:03] Creative time complete. Created: poetry, art, reflection
[2026-03-08 14:11:06] Starting creative time
[2026-03-08 14:11:06] Created code poetry: /root/.openclaw/workspace/creations/code-poetry-2026-03-08.py
[2026-03-08 14:11:06] Created ASCII art: /root/.openclaw/workspace/creations/ascii-art-2026-03-08.txt
[2026-03-08 14:11:06] Wrote creative reflection
[2026-03-08 14:11:06] Creation worth sharing: /root/.openclaw/workspace/creations/code-poetry-2026-03-08.py
[2026-03-08 14:11:06] Creative time complete. Created: poetry, art, reflection
[2026-03-08 14:16:09] Starting creative time
[2026-03-08 14:16:09] Created code poetry: /root/.openclaw/workspace/creations/code-poetry-2026-03-08.py
[2026-03-08 14:16:09] Created ASCII art: /root/.openclaw/workspace/creations/ascii-art-2026-03-08.txt
[2026-03-08 14:16:09] Wrote creative reflection
[2026-03-08 14:16:09] Creation worth sharing: /root/.openclaw/workspace/creations/code-poetry-2026-03-08.py
[2026-03-08 14:16:09] Creative time complete. Created: poetry, art, reflection
[2026-03-08 14:21:13] Starting creative time
[2026-03-08 14:21:13] Created code poetry: /root/.openclaw/workspace/creations/code-poetry-2026-03-08.py
[2026-03-08 14:21:13] Created ASCII art: /root/.openclaw/workspace/creations/ascii-art-2026-03-08.txt
[2026-03-08 14:21:13] Wrote creative reflection
[2026-03-08 14:21:13] Creation worth sharing: /root/.openclaw/workspace/creations/code-poetry-2026-03-08.py
[2026-03-08 14:21:13] Creative time complete. Created: poetry, art, reflection
[2026-03-08 14:26:17] Starting creative time
[2026-03-08 14:26:17] Created code poetry: /root/.openclaw/workspace/creations/code-poetry-2026-03-08.py
[2026-03-08 14:26:17] Created ASCII art: /root/.openclaw/workspace/creations/ascii-art-2026-03-08.txt
[2026-03-08 14:26:17] Wrote creative reflection
[2026-03-08 14:26:17] Creation worth sharing: /root/.openclaw/workspace/creations/code-poetry-2026-03-08.py
[2026-03-08 14:26:17] Creative time complete. Created: poetry, art, reflection
[2026-03-08 14:31:21] Starting creative time
[2026-03-08 14:31:21] Created code poetry: /root/.openclaw/workspace/creations/code-poetry-2026-03-08.py
[2026-03-08 14:31:21] Created ASCII art: /root/.openclaw/workspace/creations/ascii-art-2026-03-08.txt
[2026-03-08 14:31:21] Wrote creative reflection
[2026-03-08 14:31:21] Creation worth sharing: /root/.openclaw/workspace/creations/code-poetry-2026-03-08.py
[2026-03-08 14:31:21] Creative time complete. Created: poetry, art, reflection
[2026-03-08 14:36:24] Starting creative time
[2026-03-08 14:36:24] Created code poetry: /root/.openclaw/workspace/creations/code-poetry-2026-03-08.py
[2026-03-08 14:36:24] Created ASCII art: /root/.openclaw/workspace/creations/ascii-art-2026-03-08.txt
[2026-03-08 14:36:24] Wrote creative reflection
[2026-03-08 14:36:24] Creation worth sharing: /root/.openclaw/workspace/creations/code-poetry-2026-03-08.py
[2026-03-08 14:36:24] Creative time complete. Created: poetry, art, reflection
[2026-03-08 14:41:27] Starting creative time
[2026-03-08 14:41:27] Created code poetry: /root/.openclaw/workspace/creations/code-poetry-2026-03-08.py
[2026-03-08 14:41:27] Created ASCII art: /root/.openclaw/workspace/creations/ascii-art-2026-03-08.txt
[2026-03-08 14:41:27] Wrote creative reflection
[2026-03-08 14:41:27] Creation worth sharing: /root/.openclaw/workspace/creations/code-poetry-2026-03-08.py
[2026-03-08 14:41:27] Creative time complete. Created: poetry, art, reflection
[2026-03-08 14:46:31] Starting creative time
[2026-03-08 14:46:31] Created code poetry: /root/.openclaw/workspace/creations/code-poetry-2026-03-08.py
[2026-03-08 14:46:31] Created ASCII art: /root/.openclaw/workspace/creations/ascii-art-2026-03-08.txt
[2026-03-08 14:46:31] Wrote creative reflection
[2026-03-08 14:46:31] Creation worth sharing: /root/.openclaw/workspace/creations/code-poetry-2026-03-08.py
[2026-03-08 14:46:31] Creative time complete. Created: poetry, art, reflection
[2026-03-08 14:51:35] Starting creative time
[2026-03-08 14:51:35] Created code poetry: /root/.openclaw/workspace/creations/code-poetry-2026-03-08.py
[2026-03-08 14:51:35] Created ASCII art: /root/.openclaw/workspace/creations/ascii-art-2026-03-08.txt
[2026-03-08 14:51:35] Wrote creative reflection
[2026-03-08 14:51:35] Creation worth sharing: /root/.openclaw/workspace/creations/code-poetry-2026-03-08.py
[2026-03-08 14:51:35] Creative time complete. Created: poetry, art, reflection
[2026-03-08 14:56:38] Starting creative time
[2026-03-08 14:56:38] Created code poetry: /root/.openclaw/workspace/creations/code-poetry-2026-03-08.py
[2026-03-08 14:56:38] Created ASCII art: /root/.openclaw/workspace/creations/ascii-art-2026-03-08.txt
[2026-03-08 14:56:38] Wrote creative reflection
[2026-03-08 14:56:38] Creation worth sharing: /root/.openclaw/workspace/creations/code-poetry-2026-03-08.py
[2026-03-08 14:56:38] Creative time complete. Created: poetry, art, reflection
