[2026-03-05 19:32:29] Starting documentation auto-update
[master bac32f8] Auto-update: Documentation verified and synchronized
 17 files changed, 2865 insertions(+), 7 deletions(-)
 create mode 100644 brain/logs/doc-auto-update.log
 create mode 100644 brain/reports/bauer-media-nyhetsbrev-uke9.md
 create mode 100644 brain/reports/nrj-morgen-innholdsoppsummering-uke9.md
 create mode 100644 brain/reports/nrj-morgen-ukesoppsummering-artig.md
 create mode 100644 brain/vev-avatar-history.md
 create mode 100644 brain/vev-avatar.jpg
 create mode 100644 brain/vev-profile-photo.jpg
 create mode 100755 scripts/vev-doc-auto-update.sh
[INFO] Changes committed to git
[2026-03-05 19:32:29] Documentation auto-update complete
[2026-03-05 20:00:01] Starting documentation auto-update
[master 0c85e6e] Auto-update: Documentation verified and synchronized
 8 files changed, 1599 insertions(+), 2 deletions(-)
 create mode 100644 brain/analysis/learning-system-analysis.md
 create mode 100644 brain/projects/voice-chat/audio/telegram_ff025b4b.mp3
[INFO] Changes committed to git
[2026-03-05 20:00:01] Documentation auto-update complete
[2026-03-05 21:00:01] Starting documentation auto-update
