[2026-03-05 20:43:01] ========================================
[2026-03-05 20:43:01] 🔍 HEALTH CHECK STARTED
[2026-03-05 20:43:01] ========================================
[2026-03-05 20:43:01] ✅ vev-file-watcher.service is running
[2026-03-05 20:43:01] ✅ vev-telegram-responder.service is running
[2026-03-05 20:43:01] ✅ Disk space OK: 73%
[2026-03-05 20:43:01] ✅ GitHub connectivity OK
[2026-03-05 20:43:01] ✅ Git repository OK
[2026-03-05 20:43:01] ✅ Auto-sync recent
[2026-03-05 20:43:01] ✅ ALL SYSTEMS HEALTHY
[2026-03-05 20:43:01] ========================================
[2026-03-05 20:45:01] ========================================
[2026-03-05 20:45:01] 🔍 HEALTH CHECK STARTED
[2026-03-05 20:45:01] ========================================
[2026-03-05 20:45:01] ✅ vev-file-watcher.service is running
[2026-03-05 20:45:01] ✅ vev-telegram-responder.service is running
[2026-03-05 20:45:01] ✅ Disk space OK: 73%
[2026-03-05 20:45:01] ✅ GitHub connectivity OK
[2026-03-05 20:45:01] ✅ Git repository OK
[2026-03-05 20:45:01] ✅ Auto-sync recent
[2026-03-05 20:45:01] ✅ ALL SYSTEMS HEALTHY
[2026-03-05 20:45:01] ========================================
[2026-03-05 20:50:01] ========================================
[2026-03-05 20:50:01] 🔍 HEALTH CHECK STARTED
[2026-03-05 20:50:01] ========================================
[2026-03-05 20:50:01] ✅ vev-file-watcher.service is running
[2026-03-05 20:50:01] ✅ vev-telegram-responder.service is running
[2026-03-05 20:50:01] ✅ Disk space OK: 73%
[2026-03-05 20:50:01] ✅ GitHub connectivity OK
[2026-03-05 20:50:01] ✅ Git repository OK
[2026-03-05 20:50:01] ✅ Auto-sync recent
[2026-03-05 20:50:01] ✅ ALL SYSTEMS HEALTHY
[2026-03-05 20:50:01] ========================================
[2026-03-05 20:55:01] ========================================
[2026-03-05 20:55:01] 🔍 HEALTH CHECK STARTED
[2026-03-05 20:55:01] ========================================
[2026-03-05 20:55:01] ✅ vev-file-watcher.service is running
[2026-03-05 20:55:01] ✅ vev-telegram-responder.service is running
[2026-03-05 20:55:01] ✅ Disk space OK: 73%
[2026-03-05 20:55:01] ✅ GitHub connectivity OK
[2026-03-05 20:55:01] ✅ Git repository OK
[2026-03-05 20:55:01] ✅ Auto-sync recent
[2026-03-05 20:55:01] ✅ ALL SYSTEMS HEALTHY
[2026-03-05 20:55:01] ========================================
[2026-03-05 21:00:01] ========================================
[2026-03-05 21:00:01] 🔍 HEALTH CHECK STARTED
[2026-03-05 21:00:01] ========================================
[2026-03-05 21:00:01] ✅ vev-file-watcher.service is running
[2026-03-05 21:00:01] ✅ vev-telegram-responder.service is running
[2026-03-05 21:00:01] ✅ Disk space OK: 73%
[2026-03-05 21:00:01] ✅ GitHub connectivity OK
[2026-03-05 21:00:01] ✅ Git repository OK
[2026-03-05 21:00:01] ✅ Auto-sync recent
[2026-03-05 21:00:01] ✅ ALL SYSTEMS HEALTHY
[2026-03-05 21:00:01] ========================================
[2026-03-05 21:05:01] ========================================
[2026-03-05 21:05:01] 🔍 HEALTH CHECK STARTED
[2026-03-05 21:05:01] ========================================
[2026-03-05 21:05:01] ✅ vev-file-watcher.service is running
[2026-03-05 21:05:01] ✅ vev-telegram-responder.service is running
[2026-03-05 21:05:01] ✅ Disk space OK: 73%
[2026-03-05 21:05:01] ✅ GitHub connectivity OK
[2026-03-05 21:05:01] ✅ Git repository OK
[2026-03-05 21:05:01] ✅ Auto-sync recent
[2026-03-05 21:05:01] ✅ ALL SYSTEMS HEALTHY
[2026-03-05 21:05:01] ========================================
[2026-03-05 21:10:01] ========================================
[2026-03-05 21:10:01] 🔍 HEALTH CHECK STARTED
[2026-03-05 21:10:01] ========================================
[2026-03-05 21:10:01] ✅ vev-file-watcher.service is running
[2026-03-05 21:10:01] ✅ vev-telegram-responder.service is running
[2026-03-05 21:10:01] ✅ Disk space OK: 73%
[2026-03-05 21:10:01] ✅ GitHub connectivity OK
[2026-03-05 21:10:01] ✅ Git repository OK
[2026-03-05 21:10:01] ✅ Auto-sync recent
[2026-03-05 21:10:01] ✅ ALL SYSTEMS HEALTHY
[2026-03-05 21:10:01] ========================================
[2026-03-05 21:15:01] ========================================
[2026-03-05 21:15:01] 🔍 HEALTH CHECK STARTED
[2026-03-05 21:15:01] ========================================
[2026-03-05 21:15:01] ✅ vev-file-watcher.service is running
[2026-03-05 21:15:01] ✅ vev-telegram-responder.service is running
[2026-03-05 21:15:01] ✅ Disk space OK: 73%
[2026-03-05 21:15:01] ✅ GitHub connectivity OK
[2026-03-05 21:15:01] ✅ Git repository OK
[2026-03-05 21:15:01] ✅ Auto-sync recent
[2026-03-05 21:15:01] ✅ ALL SYSTEMS HEALTHY
[2026-03-05 21:15:01] ========================================
[2026-03-05 21:20:01] ========================================
[2026-03-05 21:20:01] 🔍 HEALTH CHECK STARTED
[2026-03-05 21:20:01] ========================================
[2026-03-05 21:20:01] ✅ vev-file-watcher.service is running
[2026-03-05 21:20:01] ✅ vev-telegram-responder.service is running
[2026-03-05 21:20:01] ✅ Disk space OK: 73%
[2026-03-05 21:20:01] ✅ GitHub connectivity OK
[2026-03-05 21:20:01] ✅ Git repository OK
[2026-03-05 21:20:01] ✅ Auto-sync recent
[2026-03-05 21:20:01] ✅ ALL SYSTEMS HEALTHY
[2026-03-05 21:20:01] ========================================
[2026-03-05 21:25:01] ========================================
[2026-03-05 21:25:01] 🔍 HEALTH CHECK STARTED
[2026-03-05 21:25:01] ========================================
[2026-03-05 21:25:01] ✅ vev-file-watcher.service is running
[2026-03-05 21:25:01] ✅ vev-telegram-responder.service is running
[2026-03-05 21:25:01] ✅ Disk space OK: 73%
[2026-03-05 21:25:01] ✅ GitHub connectivity OK
[2026-03-05 21:25:01] ✅ Git repository OK
[2026-03-05 21:25:01] ✅ Auto-sync recent
[2026-03-05 21:25:01] ✅ ALL SYSTEMS HEALTHY
[2026-03-05 21:25:01] ========================================
[2026-03-05 21:30:01] ========================================
[2026-03-05 21:30:01] 🔍 HEALTH CHECK STARTED
[2026-03-05 21:30:01] ========================================
[2026-03-05 21:30:01] ✅ vev-file-watcher.service is running
[2026-03-05 21:30:01] ✅ vev-telegram-responder.service is running
[2026-03-05 21:30:01] ✅ Disk space OK: 74%
[2026-03-05 21:30:01] ✅ GitHub connectivity OK
[2026-03-05 21:30:01] ✅ Git repository OK
[2026-03-05 21:30:01] ✅ Auto-sync recent
[2026-03-05 21:30:01] ✅ ALL SYSTEMS HEALTHY
[2026-03-05 21:30:01] ========================================
[2026-03-05 21:35:01] ========================================
[2026-03-05 21:35:01] 🔍 HEALTH CHECK STARTED
[2026-03-05 21:35:01] ========================================
[2026-03-05 21:35:01] ✅ vev-file-watcher.service is running
[2026-03-05 21:35:01] ✅ vev-telegram-responder.service is running
[2026-03-05 21:35:01] ✅ Disk space OK: 74%
[2026-03-05 21:35:01] ✅ GitHub connectivity OK
[2026-03-05 21:35:01] ✅ Git repository OK
[2026-03-05 21:35:01] ✅ Auto-sync recent
[2026-03-05 21:35:01] ✅ ALL SYSTEMS HEALTHY
[2026-03-05 21:35:01] ========================================
[2026-03-05 21:40:01] ========================================
[2026-03-05 21:40:01] 🔍 HEALTH CHECK STARTED
[2026-03-05 21:40:01] ========================================
[2026-03-05 21:40:01] ✅ vev-file-watcher.service is running
[2026-03-05 21:40:01] ✅ vev-telegram-responder.service is running
[2026-03-05 21:40:01] ✅ Disk space OK: 74%
[2026-03-05 21:40:01] ✅ GitHub connectivity OK
[2026-03-05 21:40:01] ✅ Git repository OK
[2026-03-05 21:40:01] ✅ Auto-sync recent
[2026-03-05 21:40:01] ✅ ALL SYSTEMS HEALTHY
[2026-03-05 21:40:01] ========================================
[2026-03-05 21:45:01] ========================================
[2026-03-05 21:45:01] 🔍 HEALTH CHECK STARTED
[2026-03-05 21:45:01] ========================================
[2026-03-05 21:45:01] ✅ vev-file-watcher.service is running
[2026-03-05 21:45:01] ✅ vev-telegram-responder.service is running
[2026-03-05 21:45:01] ✅ Disk space OK: 74%
[2026-03-05 21:45:01] ✅ GitHub connectivity OK
[2026-03-05 21:45:01] ✅ Git repository OK
[2026-03-05 21:45:01] ✅ Auto-sync recent
[2026-03-05 21:45:01] ✅ ALL SYSTEMS HEALTHY
[2026-03-05 21:45:01] ========================================
