[2026-03-05 15:43:28] ============================================================
[2026-03-05 15:43:28] 🤖 VEV TELEGRAM AUTO-RESPONDER STARTET
[2026-03-05 15:43:28] ============================================================
[2026-03-05 15:43:28] Lytter etter meldinger... Trykk Ctrl+C for å stoppe
[2026-03-05 15:43:31] Mottatt 2 oppdatering(er)
[2026-03-05 15:43:31] Melding fra N: God morgen. Hvordan har det gått i natt...
[2026-03-05 15:43:31] Sendt tekst: Skjønner! Hva kan jeg gjøre for deg?...
[2026-03-05 15:43:32] Sendt talemelding
[2026-03-05 15:43:35] Mottatt 1 oppdatering(er)
[2026-03-05 15:43:37] Mottatt 1 oppdatering(er)
[2026-03-05 15:43:40] Mottatt 1 oppdatering(er)
[2026-03-05 15:43:44] Mottatt 1 oppdatering(er)
[2026-03-05 15:43:46] Mottatt 1 oppdatering(er)
[2026-03-05 15:43:49] Mottatt 1 oppdatering(er)
[2026-03-05 15:43:52] Mottatt 1 oppdatering(er)
[2026-03-05 15:43:54] Mottatt 1 oppdatering(er)
[2026-03-05 15:43:57] Mottatt 1 oppdatering(er)
[2026-03-05 15:44:00] Mottatt 1 oppdatering(er)
[2026-03-05 15:44:03] Mottatt 1 oppdatering(er)
[2026-03-05 15:44:05] Mottatt 1 oppdatering(er)
[2026-03-05 15:44:08] Mottatt 1 oppdatering(er)
[2026-03-05 15:44:10] Mottatt 1 oppdatering(er)
[2026-03-05 15:44:13] Mottatt 1 oppdatering(er)
[2026-03-05 15:44:15] Mottatt 1 oppdatering(er)
[2026-03-05 15:44:19] Mottatt 1 oppdatering(er)
[2026-03-05 15:44:22] Mottatt 1 oppdatering(er)
[2026-03-05 15:44:24] Mottatt 1 oppdatering(er)
