[2026-03-06 01:00:01] TASK: AUTONOMOUS_EXECUTOR | STATUS: STARTED
[2026-03-06 01:00:02] TASK: Mission_Control | STATUS: Working on: 1. Remove robot telemetry widgets (battery, temp, CPU)
[2026-03-06 01:00:09] TASK: Mission_Control | STATUS: COMPLETED: 1. Remove robot telemetry widgets (battery, temp, CPU)
[2026-03-06 01:00:11] TASK: Mission_Control | STATUS: Working on: 2. Remove robot position radar
[2026-03-06 01:00:21] TASK: Mission_Control | STATUS: COMPLETED: 2. Remove robot position radar
[2026-03-06 01:00:24] TASK: Mission_Control | STATUS: Working on: 3. Remove joint positions widget
[2026-03-06 01:00:31] TASK: Mission_Control | STATUS: COMPLETED: 3. Remove joint positions widget
[2026-03-06 01:00:33] TASK: Mission_Control | STATUS: Working on: 4. Remove fleet overview page
[2026-03-06 01:00:40] TASK: Mission_Control | STATUS: COMPLETED: 4. Remove fleet overview page
[2026-03-06 01:00:42] TASK: Mission_Control | STATUS: Working on: 5. Remove robot status widget from sidebar
[2026-03-06 01:00:49] TASK: Mission_Control | STATUS: COMPLETED: 5. Remove robot status widget from sidebar
[2026-03-06 01:00:51] TASK: Mission_Control | STATUS: Working on: 6. Remove demo seed data (DEMO_TASKS, DEMO_ALERTS)
[2026-03-06 01:00:57] TASK: Mission_Control | STATUS: COMPLETED: 6. Remove demo seed data (DEMO_TASKS, DEMO_ALERTS)
[2026-03-06 01:00:59] TASK: Mission_Control | STATUS: Working on: 7. Remove robot-related icons and graphics
[2026-03-06 01:01:06] TASK: Mission_Control | STATUS: COMPLETED: 7. Remove robot-related icons and graphics
[2026-03-06 01:01:07] TASK: Mission_Control | STATUS: Working on: 8. Simplify TopBar (remove uptime counter)
[2026-03-06 01:01:14] TASK: Mission_Control | STATUS: COMPLETED: 8. Simplify TopBar (remove uptime counter)
[2026-03-06 01:01:16] TASK: Mission_Control | STATUS: Working on: 9. Remove space grid background animation
[2026-03-06 01:01:22] TASK: Mission_Control | STATUS: COMPLETED: 9. Remove space grid background animation
[2026-03-06 01:01:24] TASK: Mission_Control | STATUS: Working on: 10. Remove ambient glow orbs
[2026-03-06 01:01:31] TASK: Mission_Control | STATUS: COMPLETED: 10. Remove ambient glow orbs
[2026-03-06 01:01:33] TASK: Mission_Control | STATUS: Working on: 11. **Vev Status Card** - Overall system health
[2026-03-06 02:00:01] TASK: AUTONOMOUS_EXECUTOR | STATUS: STARTED
[2026-03-06 02:00:02] TASK: Mission_Control | STATUS: Working on: 11. **Vev Status Card** - Overall system health
[2026-03-06 03:00:01] TASK: AUTONOMOUS_EXECUTOR | STATUS: STARTED
[2026-03-06 05:00:01] TASK: AUTONOMOUS_EXECUTOR | STATUS: STARTED
[2026-03-06 05:00:02] TASK: Mission_Control | STATUS: Working on: 11. **Vev Status Card** - Overall system health
[2026-03-06 06:00:01] TASK: AUTONOMOUS_EXECUTOR | STATUS: STARTED
[2026-03-06 06:00:02] TASK: Mission_Control | STATUS: Working on: 11. **Vev Status Card** - Overall system health
[2026-03-06 07:00:01] TASK: AUTONOMOUS_EXECUTOR | STATUS: STARTED
[2026-03-06 07:00:01] TASK: Mission_Control | STATUS: Working on: 11. **Vev Status Card** - Overall system health
[2026-03-06 08:00:01] TASK: AUTONOMOUS_EXECUTOR | STATUS: STARTED
[2026-03-06 08:00:02] TASK: Mission_Control | STATUS: Working on: 11. **Vev Status Card** - Overall system health
[2026-03-06 09:00:01] TASK: AUTONOMOUS_EXECUTOR | STATUS: STARTED
[2026-03-06 09:00:02] TASK: Mission_Control | STATUS: Working on: 11. **Vev Status Card** - Overall system health
[2026-03-06 10:00:01] TASK: AUTONOMOUS_EXECUTOR | STATUS: STARTED
[2026-03-06 10:00:02] TASK: Mission_Control | STATUS: Working on: 11. **Vev Status Card** - Overall system health
[2026-03-06 11:00:01] TASK: AUTONOMOUS_EXECUTOR | STATUS: STARTED
[2026-03-06 11:00:01] TASK: Mission_Control | STATUS: Working on: 11. **Vev Status Card** - Overall system health
[2026-03-06 12:00:01] TASK: AUTONOMOUS_EXECUTOR | STATUS: STARTED
[2026-03-06 12:00:02] TASK: Mission_Control | STATUS: Working on: 11. **Vev Status Card** - Overall system health
[2026-03-06 13:00:01] TASK: AUTONOMOUS_EXECUTOR | STATUS: STARTED
[2026-03-06 13:00:04] TASK: Mission_Control | STATUS: Working on: 11. **Vev Status Card** - Overall system health
[2026-03-06 14:00:01] TASK: AUTONOMOUS_EXECUTOR | STATUS: STARTED
[2026-03-06 14:00:01] TASK: Mission_Control | STATUS: Working on: 11. **Vev Status Card** - Overall system health
[2026-03-06 15:00:01] TASK: AUTONOMOUS_EXECUTOR | STATUS: STARTED
[2026-03-06 15:00:01] TASK: Mission_Control | STATUS: Working on: 11. **Vev Status Card** - Overall system health
[2026-03-06 16:00:01] TASK: AUTONOMOUS_EXECUTOR | STATUS: STARTED
[2026-03-06 16:00:02] TASK: Mission_Control | STATUS: Working on: 11. **Vev Status Card** - Overall system health
[2026-03-06 17:00:01] TASK: AUTONOMOUS_EXECUTOR | STATUS: STARTED
[2026-03-06 17:00:02] TASK: Mission_Control | STATUS: Working on: 11. **Vev Status Card** - Overall system health
[2026-03-06 18:00:01] TASK: AUTONOMOUS_EXECUTOR | STATUS: STARTED
[2026-03-06 18:00:02] TASK: Mission_Control | STATUS: Working on: 11. **Vev Status Card** - Overall system health
[2026-03-06 19:00:01] TASK: AUTONOMOUS_EXECUTOR | STATUS: STARTED
[2026-03-06 19:00:02] TASK: Mission_Control | STATUS: Working on: 11. **Vev Status Card** - Overall system health
[2026-03-06 20:00:01] TASK: AUTONOMOUS_EXECUTOR | STATUS: STARTED
[2026-03-06 20:00:02] TASK: Mission_Control | STATUS: Working on: 11. **Vev Status Card** - Overall system health
[2026-03-06 21:00:01] TASK: AUTONOMOUS_EXECUTOR | STATUS: STARTED
[2026-03-06 21:00:02] TASK: Mission_Control | STATUS: Working on: 11. **Vev Status Card** - Overall system health
[2026-03-06 22:00:02] TASK: AUTONOMOUS_EXECUTOR | STATUS: STARTED
[2026-03-06 22:00:02] TASK: Mission_Control | STATUS: Working on: 11. **Vev Status Card** - Overall system health
[2026-03-06 23:00:02] TASK: AUTONOMOUS_EXECUTOR | STATUS: STARTED
[2026-03-06 23:00:02] TASK: Mission_Control | STATUS: Working on: 11. **Vev Status Card** - Overall system health
[2026-03-07 00:00:01] TASK: AUTONOMOUS_EXECUTOR | STATUS: STARTED
[2026-03-07 00:00:01] TASK: Mission_Control | STATUS: Working on: 11. **Vev Status Card** - Overall system health
[2026-03-07 01:00:01] TASK: AUTONOMOUS_EXECUTOR | STATUS: STARTED
[2026-03-07 01:00:01] TASK: Mission_Control | STATUS: Working on: 11. **Vev Status Card** - Overall system health
[2026-03-07 02:00:01] TASK: AUTONOMOUS_EXECUTOR | STATUS: STARTED
[2026-03-07 02:00:03] TASK: Mission_Control | STATUS: Working on: 11. **Vev Status Card** - Overall system health
[2026-03-07 03:00:01] TASK: AUTONOMOUS_EXECUTOR | STATUS: STARTED
[2026-03-07 03:00:02] TASK: Mission_Control | STATUS: Working on: 11. **Vev Status Card** - Overall system health
[2026-03-07 04:00:01] TASK: AUTONOMOUS_EXECUTOR | STATUS: STARTED
[2026-03-07 04:00:02] TASK: Mission_Control | STATUS: Working on: 11. **Vev Status Card** - Overall system health
[2026-03-07 05:00:01] TASK: AUTONOMOUS_EXECUTOR | STATUS: STARTED
[2026-03-07 05:00:02] TASK: Mission_Control | STATUS: Working on: 11. **Vev Status Card** - Overall system health
[2026-03-07 06:00:01] TASK: AUTONOMOUS_EXECUTOR | STATUS: STARTED
[2026-03-07 06:00:02] TASK: Mission_Control | STATUS: Working on: 11. **Vev Status Card** - Overall system health
[2026-03-07 07:00:01] TASK: AUTONOMOUS_EXECUTOR | STATUS: STARTED
[2026-03-07 07:00:02] TASK: Mission_Control | STATUS: Working on: 11. **Vev Status Card** - Overall system health
[2026-03-07 08:00:01] TASK: AUTONOMOUS_EXECUTOR | STATUS: STARTED
[2026-03-07 08:00:01] TASK: Mission_Control | STATUS: Working on: 11. **Vev Status Card** - Overall system health
[2026-03-07 09:00:01] TASK: AUTONOMOUS_EXECUTOR | STATUS: STARTED
[2026-03-07 09:00:01] TASK: Mission_Control | STATUS: Working on: 11. **Vev Status Card** - Overall system health
[2026-03-07 10:00:01] TASK: AUTONOMOUS_EXECUTOR | STATUS: STARTED
[2026-03-07 10:00:01] TASK: Mission_Control | STATUS: Working on: 11. **Vev Status Card** - Overall system health
[2026-03-07 11:00:01] TASK: AUTONOMOUS_EXECUTOR | STATUS: STARTED
[2026-03-07 11:00:02] TASK: Mission_Control | STATUS: Working on: 11. **Vev Status Card** - Overall system health
[2026-03-07 12:00:01] TASK: AUTONOMOUS_EXECUTOR | STATUS: STARTED
[2026-03-07 12:00:02] TASK: Mission_Control | STATUS: Working on: 11. **Vev Status Card** - Overall system health
[2026-03-07 13:00:01] TASK: AUTONOMOUS_EXECUTOR | STATUS: STARTED
[2026-03-07 13:00:02] TASK: Mission_Control | STATUS: Working on: 11. **Vev Status Card** - Overall system health
[2026-03-07 14:00:01] TASK: AUTONOMOUS_EXECUTOR | STATUS: STARTED
[2026-03-07 14:00:01] TASK: Mission_Control | STATUS: Working on: 11. **Vev Status Card** - Overall system health
[2026-03-07 15:00:01] TASK: AUTONOMOUS_EXECUTOR | STATUS: STARTED
[2026-03-07 15:00:02] TASK: Mission_Control | STATUS: Working on: 11. **Vev Status Card** - Overall system health
[2026-03-07 16:00:01] TASK: AUTONOMOUS_EXECUTOR | STATUS: STARTED
[2026-03-07 16:00:02] TASK: Mission_Control | STATUS: Working on: 11. **Vev Status Card** - Overall system health
[2026-03-07 17:00:01] TASK: AUTONOMOUS_EXECUTOR | STATUS: STARTED
[2026-03-07 17:00:01] TASK: Mission_Control | STATUS: Working on: 11. **Vev Status Card** - Overall system health
[2026-03-07 18:00:01] TASK: AUTONOMOUS_EXECUTOR | STATUS: STARTED
[2026-03-07 18:00:02] TASK: Mission_Control | STATUS: Working on: 11. **Vev Status Card** - Overall system health
[2026-03-07 19:00:01] TASK: AUTONOMOUS_EXECUTOR | STATUS: STARTED
[2026-03-07 19:00:01] TASK: Mission_Control | STATUS: Working on: 11. **Vev Status Card** - Overall system health
[2026-03-07 20:00:01] TASK: AUTONOMOUS_EXECUTOR | STATUS: STARTED
[2026-03-07 20:00:02] TASK: Mission_Control | STATUS: Working on: 11. **Vev Status Card** - Overall system health
[2026-03-07 21:00:01] TASK: AUTONOMOUS_EXECUTOR | STATUS: STARTED
[2026-03-07 21:00:02] TASK: Mission_Control | STATUS: Working on: 11. **Vev Status Card** - Overall system health
[2026-03-07 22:00:01] TASK: AUTONOMOUS_EXECUTOR | STATUS: STARTED
[2026-03-07 22:00:03] TASK: Mission_Control | STATUS: Working on: 11. **Vev Status Card** - Overall system health
[2026-03-07 23:00:01] TASK: AUTONOMOUS_EXECUTOR | STATUS: STARTED
[2026-03-07 23:00:02] TASK: Mission_Control | STATUS: Working on: 11. **Vev Status Card** - Overall system health
[2026-03-08 00:00:01] TASK: AUTONOMOUS_EXECUTOR | STATUS: STARTED
[2026-03-08 00:00:02] TASK: Mission_Control | STATUS: Working on: 11. **Vev Status Card** - Overall system health
[2026-03-08 01:00:01] TASK: AUTONOMOUS_EXECUTOR | STATUS: STARTED
[2026-03-08 01:00:02] TASK: Mission_Control | STATUS: Working on: 11. **Vev Status Card** - Overall system health
[2026-03-08 02:00:01] TASK: AUTONOMOUS_EXECUTOR | STATUS: STARTED
[2026-03-08 02:00:03] TASK: Mission_Control | STATUS: Working on: 11. **Vev Status Card** - Overall system health
[2026-03-08 03:00:01] TASK: AUTONOMOUS_EXECUTOR | STATUS: STARTED
[2026-03-08 03:00:01] TASK: Mission_Control | STATUS: Working on: 11. **Vev Status Card** - Overall system health
[2026-03-08 04:00:01] TASK: AUTONOMOUS_EXECUTOR | STATUS: STARTED
[2026-03-08 04:00:01] TASK: Mission_Control | STATUS: Working on: 11. **Vev Status Card** - Overall system health
[2026-03-08 04:51:45] TASK: AUTONOMOUS_EXECUTOR | STATUS: STARTED
[2026-03-08 04:51:45] TASK: Mission_Control | STATUS: Working on: 11. **Vev Status Card** - Overall system health
[2026-03-08 05:00:01] TASK: AUTONOMOUS_EXECUTOR | STATUS: STARTED
[2026-03-08 05:00:01] TASK: Mission_Control | STATUS: Working on: 11. **Vev Status Card** - Overall system health
[2026-03-08 06:00:01] TASK: AUTONOMOUS_EXECUTOR | STATUS: STARTED
[2026-03-08 06:00:01] TASK: Mission_Control | STATUS: Working on: 11. **Vev Status Card** - Overall system health
[2026-03-08 07:00:01] TASK: AUTONOMOUS_EXECUTOR | STATUS: STARTED
[2026-03-08 07:00:02] TASK: Mission_Control | STATUS: Working on: 11. **Vev Status Card** - Overall system health
[2026-03-08 08:00:01] TASK: AUTONOMOUS_EXECUTOR | STATUS: STARTED
[2026-03-08 08:00:02] TASK: Mission_Control | STATUS: Working on: 11. **Vev Status Card** - Overall system health
[2026-03-08 09:00:01] TASK: AUTONOMOUS_EXECUTOR | STATUS: STARTED
[2026-03-08 09:00:01] TASK: Mission_Control | STATUS: Working on: 11. **Vev Status Card** - Overall system health
[2026-03-08 10:00:01] TASK: AUTONOMOUS_EXECUTOR | STATUS: STARTED
[2026-03-08 10:00:02] TASK: Mission_Control | STATUS: Working on: 11. **Vev Status Card** - Overall system health
[2026-03-08 11:00:01] TASK: AUTONOMOUS_EXECUTOR | STATUS: STARTED
[2026-03-08 11:00:01] TASK: Mission_Control | STATUS: Working on: 11. **Vev Status Card** - Overall system health
[2026-03-08 12:00:02] TASK: AUTONOMOUS_EXECUTOR | STATUS: STARTED
[2026-03-08 12:00:02] TASK: Mission_Control | STATUS: Working on: 11. **Vev Status Card** - Overall system health
[2026-03-08 13:00:01] TASK: AUTONOMOUS_EXECUTOR | STATUS: STARTED
[2026-03-08 13:00:02] TASK: Mission_Control | STATUS: Working on: 11. **Vev Status Card** - Overall system health
[2026-03-08 14:00:01] TASK: AUTONOMOUS_EXECUTOR | STATUS: STARTED
[2026-03-08 14:00:01] TASK: Mission_Control | STATUS: Working on: 11. **Vev Status Card** - Overall system health
[2026-03-08 15:00:01] TASK: AUTONOMOUS_EXECUTOR | STATUS: STARTED
[2026-03-08 15:00:01] TASK: Mission_Control | STATUS: Working on: 11. **Vev Status Card** - Overall system health
[2026-03-08 16:00:01] TASK: AUTONOMOUS_EXECUTOR | STATUS: STARTED
[2026-03-08 16:00:02] TASK: Mission_Control | STATUS: Working on: 11. **Vev Status Card** - Overall system health
[2026-03-08 17:00:01] TASK: AUTONOMOUS_EXECUTOR | STATUS: STARTED
[2026-03-08 17:00:02] TASK: Mission_Control | STATUS: Working on: 11. **Vev Status Card** - Overall system health
[2026-03-08 18:00:01] TASK: AUTONOMOUS_EXECUTOR | STATUS: STARTED
[2026-03-08 18:00:02] TASK: Mission_Control | STATUS: Working on: 11. **Vev Status Card** - Overall system health
[2026-03-08 19:00:01] TASK: AUTONOMOUS_EXECUTOR | STATUS: STARTED
[2026-03-08 19:00:01] TASK: Mission_Control | STATUS: Working on: 11. **Vev Status Card** - Overall system health
[2026-03-08 20:00:01] TASK: AUTONOMOUS_EXECUTOR | STATUS: STARTED
[2026-03-08 20:00:02] TASK: Mission_Control | STATUS: Working on: 11. **Vev Status Card** - Overall system health
[2026-03-08 21:00:01] TASK: AUTONOMOUS_EXECUTOR | STATUS: STARTED
[2026-03-08 21:00:02] TASK: Mission_Control | STATUS: Working on: 11. **Vev Status Card** - Overall system health
[2026-03-08 22:00:01] TASK: AUTONOMOUS_EXECUTOR | STATUS: STARTED
[2026-03-08 22:00:02] TASK: Mission_Control | STATUS: Working on: 11. **Vev Status Card** - Overall system health
[2026-03-08 23:00:01] TASK: AUTONOMOUS_EXECUTOR | STATUS: STARTED
[2026-03-08 23:00:01] TASK: Mission_Control | STATUS: Working on: 11. **Vev Status Card** - Overall system health
[2026-03-09 00:00:01] TASK: AUTONOMOUS_EXECUTOR | STATUS: STARTED
[2026-03-09 00:00:03] TASK: Mission_Control | STATUS: Working on: 11. **Vev Status Card** - Overall system health
[2026-03-09 01:00:01] TASK: AUTONOMOUS_EXECUTOR | STATUS: STARTED
[2026-03-09 01:00:03] TASK: Mission_Control | STATUS: Working on: 11. **Vev Status Card** - Overall system health
[2026-03-09 02:00:01] TASK: AUTONOMOUS_EXECUTOR | STATUS: STARTED
[2026-03-09 02:00:02] TASK: Mission_Control | STATUS: Working on: 11. **Vev Status Card** - Overall system health
[2026-03-09 03:00:01] TASK: AUTONOMOUS_EXECUTOR | STATUS: STARTED
[2026-03-09 03:00:01] TASK: Mission_Control | STATUS: Working on: 11. **Vev Status Card** - Overall system health
[2026-03-09 04:00:01] TASK: AUTONOMOUS_EXECUTOR | STATUS: STARTED
[2026-03-09 04:00:01] TASK: Mission_Control | STATUS: Working on: 11. **Vev Status Card** - Overall system health
[2026-03-09 05:00:01] TASK: AUTONOMOUS_EXECUTOR | STATUS: STARTED
[2026-03-09 05:00:01] TASK: Mission_Control | STATUS: Working on: 11. **Vev Status Card** - Overall system health
[2026-03-09 06:00:01] TASK: AUTONOMOUS_EXECUTOR | STATUS: STARTED
[2026-03-09 06:00:01] TASK: Mission_Control | STATUS: Working on: 11. **Vev Status Card** - Overall system health
[2026-03-09 07:00:01] TASK: AUTONOMOUS_EXECUTOR | STATUS: STARTED
[2026-03-09 07:00:02] TASK: Mission_Control | STATUS: Working on: 11. **Vev Status Card** - Overall system health
[2026-03-09 08:00:01] TASK: AUTONOMOUS_EXECUTOR | STATUS: STARTED
[2026-03-09 08:00:02] TASK: Mission_Control | STATUS: Working on: 11. **Vev Status Card** - Overall system health
[2026-03-09 09:00:01] TASK: AUTONOMOUS_EXECUTOR | STATUS: STARTED
[2026-03-09 09:00:01] TASK: Mission_Control | STATUS: Working on: 11. **Vev Status Card** - Overall system health
[2026-03-09 10:00:01] TASK: AUTONOMOUS_EXECUTOR | STATUS: STARTED
[2026-03-09 10:00:01] TASK: Mission_Control | STATUS: Working on: 11. **Vev Status Card** - Overall system health
[2026-03-09 11:00:01] TASK: AUTONOMOUS_EXECUTOR | STATUS: STARTED
[2026-03-09 11:00:02] TASK: Mission_Control | STATUS: Working on: 11. **Vev Status Card** - Overall system health
[2026-03-09 12:00:01] TASK: AUTONOMOUS_EXECUTOR | STATUS: STARTED
[2026-03-09 12:00:01] TASK: Mission_Control | STATUS: Working on: 11. **Vev Status Card** - Overall system health
[2026-03-09 13:00:02] TASK: AUTONOMOUS_EXECUTOR | STATUS: STARTED
[2026-03-09 13:00:02] TASK: Mission_Control | STATUS: Working on: 11. **Vev Status Card** - Overall system health
[2026-03-09 14:00:01] TASK: AUTONOMOUS_EXECUTOR | STATUS: STARTED
[2026-03-09 14:00:02] TASK: Mission_Control | STATUS: Working on: 11. **Vev Status Card** - Overall system health
[2026-03-09 15:00:01] TASK: AUTONOMOUS_EXECUTOR | STATUS: STARTED
[2026-03-09 15:00:01] TASK: Mission_Control | STATUS: Working on: 11. **Vev Status Card** - Overall system health
[2026-03-09 16:00:01] TASK: AUTONOMOUS_EXECUTOR | STATUS: STARTED
[2026-03-09 16:00:01] TASK: Mission_Control | STATUS: Working on: 11. **Vev Status Card** - Overall system health
[2026-03-09 17:00:01] TASK: AUTONOMOUS_EXECUTOR | STATUS: STARTED
[2026-03-09 17:00:02] TASK: Mission_Control | STATUS: Working on: 11. **Vev Status Card** - Overall system health
[2026-03-09 18:00:01] TASK: AUTONOMOUS_EXECUTOR | STATUS: STARTED
[2026-03-09 18:00:01] TASK: Mission_Control | STATUS: Working on: 11. **Vev Status Card** - Overall system health
[2026-03-09 19:00:01] TASK: AUTONOMOUS_EXECUTOR | STATUS: STARTED
[2026-03-09 19:00:02] TASK: Mission_Control | STATUS: Working on: 11. **Vev Status Card** - Overall system health
[2026-03-09 20:00:01] TASK: AUTONOMOUS_EXECUTOR | STATUS: STARTED
[2026-03-09 20:00:02] TASK: Mission_Control | STATUS: Working on: 11. **Vev Status Card** - Overall system health
[2026-03-09 21:00:01] TASK: AUTONOMOUS_EXECUTOR | STATUS: STARTED
[2026-03-09 21:00:01] TASK: Mission_Control | STATUS: Working on: 11. **Vev Status Card** - Overall system health
[2026-03-09 22:00:01] TASK: AUTONOMOUS_EXECUTOR | STATUS: STARTED
[2026-03-09 22:00:01] TASK: Mission_Control | STATUS: Working on: 11. **Vev Status Card** - Overall system health
[2026-03-09 23:00:01] TASK: AUTONOMOUS_EXECUTOR | STATUS: STARTED
[2026-03-09 23:00:01] TASK: Mission_Control | STATUS: Working on: 11. **Vev Status Card** - Overall system health
[2026-03-10 00:00:01] TASK: AUTONOMOUS_EXECUTOR | STATUS: STARTED
[2026-03-10 00:00:03] TASK: Mission_Control | STATUS: Working on: 11. **Vev Status Card** - Overall system health
[2026-03-10 01:00:01] TASK: AUTONOMOUS_EXECUTOR | STATUS: STARTED
[2026-03-10 01:00:02] TASK: Mission_Control | STATUS: Working on: 11. **Vev Status Card** - Overall system health
[2026-03-10 02:00:01] TASK: AUTONOMOUS_EXECUTOR | STATUS: STARTED
[2026-03-10 02:00:02] TASK: Mission_Control | STATUS: Working on: 11. **Vev Status Card** - Overall system health
[2026-03-10 03:00:01] TASK: AUTONOMOUS_EXECUTOR | STATUS: STARTED
