2026-02-24 16:35:54|Performance Optimization|high|2-4 hours
2026-02-24 16:35:54|Performance Optimization|high|2 hours
2026-02-24 16:35:54|Performance Optimization|high|2-4 timer
2026-02-24 16:38:12|Autonomous Project Generation|high|30 minutes
2026-02-24 16:42:30|Autonomous Project Generation|high|30 minutes
2026-02-24 16:46:48|Autonomous Project Generation|high|30 minutes
2026-02-24 16:51:06|Autonomous Project Generation|high|30 minutes
2026-02-24 16:55:24|Autonomous Project Generation|high|30 minutes
2026-02-24 16:59:42|Autonomous Project Generation|high|30 minutes
2026-02-24 17:02:31|AI-Powered Content Suggestions|high|4 timer
2026-02-24 17:04:00|Autonomous Project Generation|high|30 minutes
2026-02-24 17:08:18|Autonomous Project Generation|high|30 minutes
2026-02-24 17:12:36|Autonomous Project Generation|high|30 minutes
2026-02-24 17:16:54|Autonomous Project Generation|high|30 minutes
2026-02-24 17:21:12|Autonomous Project Generation|high|30 minutes
2026-02-24 17:25:30|Autonomous Project Generation|high|30 minutes
2026-02-24 17:29:48|Autonomous Project Generation|high|30 minutes
2026-02-24 17:34:07|Autonomous Project Generation|high|30 minutes
2026-02-24 17:38:25|Autonomous Project Generation|high|30 minutes
2026-02-24 17:42:43|Autonomous Project Generation|high|30 minutes
2026-02-24 17:47:01|Autonomous Project Generation|high|30 minutes
2026-02-24 17:51:19|Autonomous Project Generation|high|30 minutes
2026-02-24 17:55:37|Autonomous Project Generation|high|30 minutes
2026-02-24 17:59:55|Autonomous Project Generation|high|30 minutes
2026-02-24 18:04:13|Autonomous Project Generation|high|30 minutes
2026-02-24 18:08:31|Autonomous Project Generation|high|30 minutes
2026-02-24 18:12:49|Autonomous Project Generation|high|30 minutes
2026-02-24 18:17:07|Autonomous Project Generation|high|30 minutes
2026-02-24 18:21:25|Autonomous Project Generation|high|30 minutes
2026-02-24 18:25:43|Autonomous Project Generation|high|30 minutes
2026-02-24 18:30:01|Autonomous Project Generation|high|30 minutes
2026-02-24 18:34:19|Autonomous Project Generation|high|30 minutes
2026-02-24 18:35:54|Code Quality Improvements|medium|2 hours
2026-02-24 18:38:37|Autonomous Project Generation|high|30 minutes
2026-02-24 18:55:49|Autonomous Project Generation|high|30 minutes
2026-02-24 19:00:07|Autonomous Project Generation|high|30 minutes
2026-02-24 19:04:26|Autonomous Project Generation|high|30 minutes
2026-02-24 19:08:44|Autonomous Project Generation|high|30 minutes
2026-02-24 19:13:02|Autonomous Project Generation|high|30 minutes
2026-02-24 19:17:20|Autonomous Project Generation|high|30 minutes
2026-02-24 19:21:38|Autonomous Project Generation|high|30 minutes
2026-02-24 19:25:56|Autonomous Project Generation|high|30 minutes
2026-02-24 19:30:14|Autonomous Project Generation|high|30 minutes
2026-02-24 19:34:32|Autonomous Project Generation|high|30 minutes
2026-02-24 19:38:50|Autonomous Project Generation|high|30 minutes
2026-02-24 19:43:08|Autonomous Project Generation|high|30 minutes
2026-02-24 19:47:26|Autonomous Project Generation|high|30 minutes
2026-02-24 19:51:44|Autonomous Project Generation|high|30 minutes
2026-02-24 19:56:02|Autonomous Project Generation|high|30 minutes
2026-02-24 20:00:20|Autonomous Project Generation|high|30 minutes
2026-02-24 20:04:38|Autonomous Project Generation|high|30 minutes
2026-02-24 20:08:56|Autonomous Project Generation|high|30 minutes
2026-02-24 20:13:14|Autonomous Project Generation|high|30 minutes
2026-02-24 20:17:32|Autonomous Project Generation|high|30 minutes
2026-02-24 20:21:50|Autonomous Project Generation|high|30 minutes
2026-02-24 20:26:08|Autonomous Project Generation|high|30 minutes
2026-02-24 20:30:27|Autonomous Project Generation|high|30 minutes
2026-02-24 20:34:45|Autonomous Project Generation|high|30 minutes
2026-02-24 20:35:54|UI/UX Improvements|medium|3 hours
2026-02-24 20:39:03|Autonomous Project Generation|high|30 minutes
2026-02-24 20:43:21|Autonomous Project Generation|high|30 minutes
2026-02-24 20:47:39|Autonomous Project Generation|high|30 minutes
2026-02-24 20:51:57|Autonomous Project Generation|high|30 minutes
2026-02-24 20:56:15|Autonomous Project Generation|high|30 minutes
2026-02-24 21:00:33|Autonomous Project Generation|high|30 minutes
2026-02-24 21:04:51|Autonomous Project Generation|high|30 minutes
2026-02-24 21:09:09|Autonomous Project Generation|high|30 minutes
2026-02-24 21:13:27|Autonomous Project Generation|high|30 minutes
2026-02-24 21:17:45|Autonomous Project Generation|high|30 minutes
2026-02-24 21:22:03|Autonomous Project Generation|high|30 minutes
2026-02-24 21:26:21|Autonomous Project Generation|high|30 minutes
2026-02-24 21:30:39|Autonomous Project Generation|high|30 minutes
2026-02-24 21:34:57|Autonomous Project Generation|high|30 minutes
2026-02-24 21:39:15|Autonomous Project Generation|high|30 minutes
2026-02-24 21:43:33|Autonomous Project Generation|high|30 minutes
2026-02-24 21:47:51|Autonomous Project Generation|high|30 minutes
2026-02-24 21:52:09|Autonomous Project Generation|high|30 minutes
2026-02-24 21:56:27|Autonomous Project Generation|high|30 minutes
2026-02-24 22:00:46|Autonomous Project Generation|high|30 minutes
2026-02-24 22:05:04|Autonomous Project Generation|high|30 minutes
2026-02-24 22:09:22|Autonomous Project Generation|high|30 minutes
2026-02-24 22:13:40|Autonomous Project Generation|high|30 minutes
2026-02-24 22:17:58|Autonomous Project Generation|high|30 minutes
2026-02-24 22:22:16|Autonomous Project Generation|high|30 minutes
2026-02-24 22:26:34|Autonomous Project Generation|high|30 minutes
2026-02-24 22:30:52|Autonomous Project Generation|high|30 minutes
2026-02-24 22:35:10|Autonomous Project Generation|high|30 minutes
2026-02-24 22:35:54|Integration Development|medium|4 hours
2026-02-24 22:39:28|Autonomous Project Generation|high|30 minutes
2026-02-24 22:43:46|Autonomous Project Generation|high|30 minutes
2026-02-24 22:48:04|Autonomous Project Generation|high|30 minutes
2026-02-24 22:52:22|Autonomous Project Generation|high|30 minutes
2026-02-24 22:56:40|Autonomous Project Generation|high|30 minutes
2026-02-24 23:00:58|Autonomous Project Generation|high|30 minutes
2026-02-24 23:02:35|Implement Real-Time Updates|high|2-4 hours
2026-02-24 23:02:35|Implement Real-Time Updates|high|2-4 timer
2026-02-24 23:05:16|Autonomous Project Generation|high|30 minutes
2026-02-24 23:09:34|Autonomous Project Generation|high|30 minutes
2026-02-24 23:13:52|Autonomous Project Generation|high|30 minutes
2026-02-24 23:18:10|Autonomous Project Generation|high|30 minutes
2026-02-24 23:22:28|Autonomous Project Generation|high|30 minutes
2026-02-24 23:22:35|Performance Optimization|high|2-4 hours
2026-02-24 23:22:35|Performance Optimization|high|2-4 timer
2026-02-24 23:26:46|Autonomous Project Generation|high|30 minutes
2026-02-24 23:31:05|Autonomous Project Generation|high|30 minutes
2026-02-24 23:32:34|Advanced Analytics|medium|2-4 hours
2026-02-24 23:32:34|Advanced Analytics|medium|2-4 timer
2026-02-24 23:35:23|Autonomous Project Generation|high|30 minutes
2026-02-24 23:39:41|Autonomous Project Generation|high|30 minutes
2026-02-24 23:42:35|Advanced Analytics|medium|2-4 hours
2026-02-24 23:42:35|Advanced Analytics|medium|2-4 timer
2026-02-24 23:43:59|Autonomous Project Generation|high|30 minutes
2026-02-24 23:48:17|Autonomous Project Generation|high|30 minutes
2026-02-24 23:52:35|Autonomous Project Generation|high|30 minutes
2026-02-24 23:56:53|Autonomous Project Generation|high|30 minutes
2026-02-25 00:01:11|Autonomous Project Generation|high|30 minutes
2026-02-25 00:05:29|Autonomous Project Generation|high|30 minutes
2026-02-25 00:09:47|Autonomous Project Generation|high|30 minutes
2026-02-25 00:14:05|Autonomous Project Generation|high|30 minutes
2026-02-25 00:18:23|Autonomous Project Generation|high|30 minutes
2026-02-25 00:22:41|Autonomous Project Generation|high|30 minutes
2026-02-25 00:26:59|Autonomous Project Generation|high|30 minutes
2026-02-25 00:31:17|Autonomous Project Generation|high|30 minutes
2026-02-25 00:35:35|Autonomous Project Generation|high|30 minutes
2026-02-25 00:35:55|Analytics Improvements|medium|3 hours
2026-02-25 00:39:53|Autonomous Project Generation|high|30 minutes
2026-02-25 00:44:11|Autonomous Project Generation|high|30 minutes
2026-02-25 00:48:29|Autonomous Project Generation|high|30 minutes
2026-02-25 00:52:36|Implement Real-Time Updates|high|2-4 hours
2026-02-25 00:52:36|Implement Real-Time Updates|high|2-4 timer
2026-02-25 00:52:47|Autonomous Project Generation|high|30 minutes
2026-02-25 00:57:06|Autonomous Project Generation|high|30 minutes
2026-02-25 01:01:24|Autonomous Project Generation|high|30 minutes
2026-02-25 01:02:37|Security Hardening|high|2-4 hours
2026-02-25 01:02:37|Security Hardening|high|2-4 timer
2026-02-25 01:05:42|Autonomous Project Generation|high|30 minutes
2026-02-25 01:10:00|Autonomous Project Generation|high|30 minutes
2026-02-25 01:14:18|Autonomous Project Generation|high|30 minutes
2026-02-25 01:18:36|Autonomous Project Generation|high|30 minutes
2026-02-25 01:22:54|Mobile App Experience|high|2-4 hours
2026-02-25 01:22:54|Mobile App Experience|high|2-4 timer
2026-02-25 01:22:54|Autonomous Project Generation|high|30 minutes
2026-02-25 01:27:12|Autonomous Project Generation|high|30 minutes
2026-02-25 01:31:30|Autonomous Project Generation|high|30 minutes
2026-02-25 01:35:48|Autonomous Project Generation|high|30 minutes
2026-02-25 01:40:06|Autonomous Project Generation|high|30 minutes
2026-02-25 01:44:24|Autonomous Project Generation|high|30 minutes
2026-02-25 01:48:42|Autonomous Project Generation|high|30 minutes
2026-02-25 01:53:00|Autonomous Project Generation|high|30 minutes
2026-02-25 01:57:18|Autonomous Project Generation|high|30 minutes
2026-02-25 02:01:36|Autonomous Project Generation|high|30 minutes
2026-02-25 02:02:36|Documentation Generator|low|2-4 hours
2026-02-25 02:02:36|Documentation Generator|low|2-4 timer
2026-02-25 02:05:54|Autonomous Project Generation|high|30 minutes
2026-02-25 02:10:12|Autonomous Project Generation|high|30 minutes
2026-02-25 02:12:35|Implement Real-Time Updates|high|2-4 hours
2026-02-25 02:12:35|Implement Real-Time Updates|high|2-4 timer
2026-02-25 02:14:30|Autonomous Project Generation|high|30 minutes
2026-02-25 02:18:48|Autonomous Project Generation|high|30 minutes
2026-02-25 02:23:06|Autonomous Project Generation|high|30 minutes
2026-02-25 02:27:24|Autonomous Project Generation|high|30 minutes
2026-02-25 02:31:43|Autonomous Project Generation|high|30 minutes
2026-02-25 02:35:55|Code Quality Improvements|medium|2 hours
2026-02-25 02:36:01|Autonomous Project Generation|high|30 minutes
2026-02-25 02:40:19|Autonomous Project Generation|high|30 minutes
2026-02-25 02:44:37|Autonomous Project Generation|high|30 minutes
2026-02-25 02:48:55|Autonomous Project Generation|high|30 minutes
2026-02-25 02:53:13|Autonomous Project Generation|high|30 minutes
2026-02-25 02:57:31|Autonomous Project Generation|high|30 minutes
2026-02-25 03:01:49|Autonomous Project Generation|high|30 minutes
2026-02-25 03:06:07|Autonomous Project Generation|high|30 minutes
2026-02-25 03:10:25|Autonomous Project Generation|high|30 minutes
2026-02-25 03:14:43|Autonomous Project Generation|high|30 minutes
2026-02-25 03:19:01|Autonomous Project Generation|high|30 minutes
2026-02-25 03:23:19|Autonomous Project Generation|high|30 minutes
2026-02-25 03:27:37|Autonomous Project Generation|high|30 minutes
2026-02-25 03:31:55|Autonomous Project Generation|high|30 minutes
2026-02-25 03:36:13|Autonomous Project Generation|high|30 minutes
2026-02-25 03:40:31|Autonomous Project Generation|high|30 minutes
2026-02-25 03:44:49|Autonomous Project Generation|high|30 minutes
2026-02-25 03:49:07|Autonomous Project Generation|high|30 minutes
2026-02-25 03:53:25|Autonomous Project Generation|high|30 minutes
2026-02-25 03:57:44|Autonomous Project Generation|high|30 minutes
2026-02-25 04:02:02|Autonomous Project Generation|high|30 minutes
2026-02-25 04:06:20|Autonomous Project Generation|high|30 minutes
2026-02-25 04:10:38|Autonomous Project Generation|high|30 minutes
2026-02-25 04:14:56|Autonomous Project Generation|high|30 minutes
2026-02-25 04:19:14|Autonomous Project Generation|high|30 minutes
2026-02-25 04:23:32|Autonomous Project Generation|high|30 minutes
2026-02-25 04:27:50|Autonomous Project Generation|high|30 minutes
2026-02-25 04:32:08|Autonomous Project Generation|high|30 minutes
2026-02-25 04:35:55|New Feature Implementation|high|4 hours
2026-02-25 04:36:26|Autonomous Project Generation|high|30 minutes
2026-02-25 04:40:44|Autonomous Project Generation|high|30 minutes
2026-02-25 04:45:02|Autonomous Project Generation|high|30 minutes
2026-02-25 04:49:20|Autonomous Project Generation|high|30 minutes
2026-02-25 04:53:38|Autonomous Project Generation|high|30 minutes
2026-02-25 04:57:56|Autonomous Project Generation|high|30 minutes
2026-02-25 05:02:14|Autonomous Project Generation|high|30 minutes
2026-02-25 05:06:32|Autonomous Project Generation|high|30 minutes
2026-02-25 05:10:50|Autonomous Project Generation|high|30 minutes
2026-02-25 05:15:08|Autonomous Project Generation|high|30 minutes
2026-02-25 05:19:26|Autonomous Project Generation|high|30 minutes
2026-02-25 05:23:44|Autonomous Project Generation|high|30 minutes
2026-02-25 05:28:03|Autonomous Project Generation|high|30 minutes
2026-02-25 05:32:21|Autonomous Project Generation|high|30 minutes
2026-02-25 05:36:39|Autonomous Project Generation|high|30 minutes
2026-02-25 05:40:57|Autonomous Project Generation|high|30 minutes
2026-02-25 05:45:15|Autonomous Project Generation|high|30 minutes
2026-02-25 05:49:33|Autonomous Project Generation|high|30 minutes
2026-02-25 05:53:51|Autonomous Project Generation|high|30 minutes
2026-02-25 05:58:09|Autonomous Project Generation|high|30 minutes
2026-02-25 06:02:27|Autonomous Project Generation|high|30 minutes
2026-02-25 06:06:45|Autonomous Project Generation|high|30 minutes
2026-02-25 06:11:03|Autonomous Project Generation|high|30 minutes
2026-02-25 06:15:21|Autonomous Project Generation|high|30 minutes
2026-02-25 06:19:39|Autonomous Project Generation|high|30 minutes
2026-02-25 06:23:57|Autonomous Project Generation|high|30 minutes
2026-02-25 06:28:15|Autonomous Project Generation|high|30 minutes
2026-02-25 06:32:33|Autonomous Project Generation|high|30 minutes
2026-02-25 06:35:55|Performance Optimization|high|2 hours
2026-02-25 06:36:51|Autonomous Project Generation|high|30 minutes
2026-02-25 06:41:09|Autonomous Project Generation|high|30 minutes
2026-02-25 06:45:27|Autonomous Project Generation|high|30 minutes
2026-02-25 06:49:45|Autonomous Project Generation|high|30 minutes
2026-02-25 06:54:03|Autonomous Project Generation|high|30 minutes
2026-02-25 06:58:22|Autonomous Project Generation|high|30 minutes
2026-02-25 07:02:40|Autonomous Project Generation|high|30 minutes
2026-02-25 07:06:58|Autonomous Project Generation|high|30 minutes
2026-02-25 07:11:16|Autonomous Project Generation|high|30 minutes
2026-02-25 07:15:34|Autonomous Project Generation|high|30 minutes
2026-02-25 07:19:52|Autonomous Project Generation|high|30 minutes
2026-02-25 07:24:10|Autonomous Project Generation|high|30 minutes
2026-02-25 07:28:28|Autonomous Project Generation|high|30 minutes
2026-02-25 07:32:46|Autonomous Project Generation|high|30 minutes
2026-02-25 07:37:04|Autonomous Project Generation|high|30 minutes
2026-02-25 07:41:22|Autonomous Project Generation|high|30 minutes
2026-02-25 07:45:40|Autonomous Project Generation|high|30 minutes
2026-02-25 07:49:58|Autonomous Project Generation|high|30 minutes
2026-02-25 07:54:16|Autonomous Project Generation|high|30 minutes
2026-02-25 07:58:34|Autonomous Project Generation|high|30 minutes
2026-02-25 08:02:52|Autonomous Project Generation|high|30 minutes
2026-02-25 08:07:10|Autonomous Project Generation|high|30 minutes
2026-02-25 08:11:28|Autonomous Project Generation|high|30 minutes
2026-02-25 08:15:46|Autonomous Project Generation|high|30 minutes
2026-02-25 08:20:04|Autonomous Project Generation|high|30 minutes
2026-02-25 08:24:22|Autonomous Project Generation|high|30 minutes
2026-02-25 08:28:41|Autonomous Project Generation|high|30 minutes
2026-02-25 08:32:59|Autonomous Project Generation|high|30 minutes
2026-02-25 08:35:55|Security Enhancements|high|2 hours
2026-02-25 08:37:17|Autonomous Project Generation|high|30 minutes
2026-02-25 08:41:35|Autonomous Project Generation|high|30 minutes
2026-02-25 08:45:53|Autonomous Project Generation|high|30 minutes
2026-02-25 08:50:11|Autonomous Project Generation|high|30 minutes
2026-02-25 08:54:29|Autonomous Project Generation|high|30 minutes
2026-02-25 08:58:47|Autonomous Project Generation|high|30 minutes
2026-02-25 09:03:05|Autonomous Project Generation|high|30 minutes
2026-02-25 09:07:23|Autonomous Project Generation|high|30 minutes
2026-02-25 09:11:41|Autonomous Project Generation|high|30 minutes
2026-02-25 09:15:59|Autonomous Project Generation|high|30 minutes
2026-02-25 09:20:17|Autonomous Project Generation|high|30 minutes
2026-02-25 09:24:35|Autonomous Project Generation|high|30 minutes
2026-02-25 09:28:53|Autonomous Project Generation|high|30 minutes
2026-02-25 09:33:11|Autonomous Project Generation|high|30 minutes
2026-02-25 09:37:29|Autonomous Project Generation|high|30 minutes
2026-02-25 09:41:47|Autonomous Project Generation|high|30 minutes
2026-02-25 09:46:05|Autonomous Project Generation|high|30 minutes
2026-02-25 09:50:23|Autonomous Project Generation|high|30 minutes
2026-02-25 09:54:42|Autonomous Project Generation|high|30 minutes
2026-02-25 09:59:00|Autonomous Project Generation|high|30 minutes
2026-02-25 10:03:18|Autonomous Project Generation|high|30 minutes
2026-02-25 10:07:36|Autonomous Project Generation|high|30 minutes
2026-02-25 10:11:54|Autonomous Project Generation|high|30 minutes
2026-02-25 10:16:12|Autonomous Project Generation|high|30 minutes
2026-02-25 10:20:30|Autonomous Project Generation|high|30 minutes
2026-02-25 10:24:48|Autonomous Project Generation|high|30 minutes
2026-02-25 10:29:06|Autonomous Project Generation|high|30 minutes
2026-02-25 10:33:24|Autonomous Project Generation|high|30 minutes
2026-02-25 10:35:55|Code Quality Improvements|medium|2 hours
2026-02-25 10:37:42|Autonomous Project Generation|high|30 minutes
2026-02-25 10:42:00|Autonomous Project Generation|high|30 minutes
2026-02-25 10:46:18|Autonomous Project Generation|high|30 minutes
2026-02-25 10:50:36|Autonomous Project Generation|high|30 minutes
2026-02-25 10:54:54|Autonomous Project Generation|high|30 minutes
2026-02-25 10:59:12|Autonomous Project Generation|high|30 minutes
2026-02-25 11:03:30|Autonomous Project Generation|high|30 minutes
2026-02-25 11:07:48|Autonomous Project Generation|high|30 minutes
2026-02-25 11:12:06|Autonomous Project Generation|high|30 minutes
2026-02-25 11:16:24|Autonomous Project Generation|high|30 minutes
2026-02-25 11:20:42|Autonomous Project Generation|high|30 minutes
2026-02-25 11:25:00|Autonomous Project Generation|high|30 minutes
2026-02-25 11:29:19|Autonomous Project Generation|high|30 minutes
2026-02-25 11:33:37|Autonomous Project Generation|high|30 minutes
2026-02-25 11:37:55|Autonomous Project Generation|high|30 minutes
2026-02-25 11:42:13|Autonomous Project Generation|high|30 minutes
2026-02-25 11:46:31|Autonomous Project Generation|high|30 minutes
2026-02-25 11:50:49|Autonomous Project Generation|high|30 minutes
2026-02-25 11:55:07|Autonomous Project Generation|high|30 minutes
2026-02-25 11:59:25|Autonomous Project Generation|high|30 minutes
2026-02-25 12:03:43|Autonomous Project Generation|high|30 minutes
2026-02-25 12:08:01|Autonomous Project Generation|high|30 minutes
2026-02-25 12:12:19|Autonomous Project Generation|high|30 minutes
2026-02-25 12:16:37|Autonomous Project Generation|high|30 minutes
2026-02-25 12:20:55|Autonomous Project Generation|high|30 minutes
2026-02-25 12:25:13|Autonomous Project Generation|high|30 minutes
2026-02-25 12:29:31|Autonomous Project Generation|high|30 minutes
2026-02-25 12:33:49|Autonomous Project Generation|high|30 minutes
2026-02-25 12:35:55|Documentation Updates|low|1 hours
2026-02-25 12:38:07|Autonomous Project Generation|high|30 minutes
2026-02-25 12:42:25|Autonomous Project Generation|high|30 minutes
2026-02-25 12:46:43|Autonomous Project Generation|high|30 minutes
2026-02-25 12:51:01|Autonomous Project Generation|high|30 minutes
2026-02-25 12:55:19|Autonomous Project Generation|high|30 minutes
2026-02-25 12:59:38|Autonomous Project Generation|high|30 minutes
2026-02-25 13:03:56|Autonomous Project Generation|high|30 minutes
2026-02-25 13:08:14|Autonomous Project Generation|high|30 minutes
2026-02-25 13:12:32|Autonomous Project Generation|high|30 minutes
2026-02-25 13:16:50|Autonomous Project Generation|high|30 minutes
2026-02-25 13:21:08|Autonomous Project Generation|high|30 minutes
2026-02-25 13:25:26|Autonomous Project Generation|high|30 minutes
2026-02-25 13:29:44|Autonomous Project Generation|high|30 minutes
2026-02-25 13:34:02|Autonomous Project Generation|high|30 minutes
2026-02-25 13:38:20|Autonomous Project Generation|high|30 minutes
2026-02-25 13:42:38|Autonomous Project Generation|high|30 minutes
2026-02-25 13:46:56|Autonomous Project Generation|high|30 minutes
2026-02-25 13:51:14|Autonomous Project Generation|high|30 minutes
2026-02-25 13:55:32|Autonomous Project Generation|high|30 minutes
2026-02-25 13:59:50|Autonomous Project Generation|high|30 minutes
2026-02-25 14:04:08|Autonomous Project Generation|high|30 minutes
2026-02-25 14:08:26|Autonomous Project Generation|high|30 minutes
2026-02-25 14:12:44|Autonomous Project Generation|high|30 minutes
2026-02-25 14:17:02|Autonomous Project Generation|high|30 minutes
2026-02-25 14:21:20|Autonomous Project Generation|high|30 minutes
2026-02-25 14:25:39|Autonomous Project Generation|high|30 minutes
2026-02-25 14:29:57|Autonomous Project Generation|high|30 minutes
2026-02-25 14:34:15|Autonomous Project Generation|high|30 minutes
2026-02-25 14:35:55|Security Enhancements|high|2 hours
2026-02-25 14:38:33|Autonomous Project Generation|high|30 minutes
2026-02-25 14:42:51|Autonomous Project Generation|high|30 minutes
2026-02-25 14:47:09|Autonomous Project Generation|high|30 minutes
2026-02-25 14:51:27|Autonomous Project Generation|high|30 minutes
2026-02-25 14:55:45|Autonomous Project Generation|high|30 minutes
2026-02-25 15:00:03|Autonomous Project Generation|high|30 minutes
2026-02-25 15:04:21|Autonomous Project Generation|high|30 minutes
2026-02-25 15:08:39|Autonomous Project Generation|high|30 minutes
2026-02-25 15:12:57|Autonomous Project Generation|high|30 minutes
2026-02-25 15:17:15|Autonomous Project Generation|high|30 minutes
2026-02-25 15:21:33|Autonomous Project Generation|high|30 minutes
2026-02-25 15:25:51|Autonomous Project Generation|high|30 minutes
2026-02-25 15:30:09|Autonomous Project Generation|high|30 minutes
2026-02-25 15:34:27|Autonomous Project Generation|high|30 minutes
2026-02-25 15:38:45|Autonomous Project Generation|high|30 minutes
2026-02-25 15:43:03|Autonomous Project Generation|high|30 minutes
2026-02-25 15:47:21|Autonomous Project Generation|high|30 minutes
2026-02-25 15:51:39|Autonomous Project Generation|high|30 minutes
2026-02-25 15:55:58|Autonomous Project Generation|high|30 minutes
2026-02-25 16:00:16|Autonomous Project Generation|high|30 minutes
2026-02-25 16:04:34|Autonomous Project Generation|high|30 minutes
2026-02-25 16:08:52|Autonomous Project Generation|high|30 minutes
2026-02-25 16:13:10|Autonomous Project Generation|high|30 minutes
2026-02-25 16:17:28|Autonomous Project Generation|high|30 minutes
2026-02-25 16:21:46|Autonomous Project Generation|high|30 minutes
2026-02-25 16:26:04|Autonomous Project Generation|high|30 minutes
2026-02-25 16:30:22|Autonomous Project Generation|high|30 minutes
2026-02-25 16:34:40|Autonomous Project Generation|high|30 minutes
2026-02-25 16:35:55|UI/UX Improvements|medium|3 hours
2026-02-25 16:38:58|Autonomous Project Generation|high|30 minutes
2026-02-25 16:43:16|Autonomous Project Generation|high|30 minutes
2026-02-25 16:47:34|Autonomous Project Generation|high|30 minutes
2026-02-25 16:51:52|Autonomous Project Generation|high|30 minutes
2026-02-25 16:56:10|Autonomous Project Generation|high|30 minutes
2026-02-25 17:00:28|Autonomous Project Generation|high|30 minutes
2026-02-25 17:04:46|Autonomous Project Generation|high|30 minutes
2026-02-25 17:09:04|Autonomous Project Generation|high|30 minutes
2026-02-25 17:13:22|Autonomous Project Generation|high|30 minutes
2026-02-25 17:17:40|Autonomous Project Generation|high|30 minutes
2026-02-25 17:21:58|Autonomous Project Generation|high|30 minutes
2026-02-25 17:26:17|Autonomous Project Generation|high|30 minutes
2026-02-25 17:30:35|Autonomous Project Generation|high|30 minutes
2026-02-25 17:34:53|Autonomous Project Generation|high|30 minutes
2026-02-25 17:39:11|Autonomous Project Generation|high|30 minutes
2026-02-25 17:43:29|Autonomous Project Generation|high|30 minutes
2026-02-25 17:47:47|Autonomous Project Generation|high|30 minutes
2026-02-25 17:52:05|Autonomous Project Generation|high|30 minutes
2026-02-25 17:56:23|Autonomous Project Generation|high|30 minutes
2026-02-25 18:00:41|Autonomous Project Generation|high|30 minutes
2026-02-25 18:04:59|Autonomous Project Generation|high|30 minutes
2026-02-25 18:09:17|Autonomous Project Generation|high|30 minutes
2026-02-25 18:13:35|Autonomous Project Generation|high|30 minutes
2026-02-25 18:17:53|Autonomous Project Generation|high|30 minutes
2026-02-25 18:22:11|Autonomous Project Generation|high|30 minutes
2026-02-25 18:26:29|Autonomous Project Generation|high|30 minutes
2026-02-25 18:30:47|Autonomous Project Generation|high|30 minutes
2026-02-25 18:35:05|Autonomous Project Generation|high|30 minutes
2026-02-25 18:35:55|UI/UX Improvements|medium|3 hours
2026-02-25 18:39:23|Autonomous Project Generation|high|30 minutes
2026-02-25 18:43:41|Autonomous Project Generation|high|30 minutes
2026-02-25 18:47:59|Autonomous Project Generation|high|30 minutes
2026-02-25 18:52:17|Autonomous Project Generation|high|30 minutes
2026-02-25 18:56:36|Autonomous Project Generation|high|30 minutes
2026-02-25 19:00:54|Autonomous Project Generation|high|30 minutes
2026-02-25 19:05:12|Autonomous Project Generation|high|30 minutes
2026-02-25 19:09:30|Autonomous Project Generation|high|30 minutes
2026-02-25 19:13:48|Autonomous Project Generation|high|30 minutes
2026-02-25 19:18:06|Autonomous Project Generation|high|30 minutes
2026-02-25 19:22:24|Autonomous Project Generation|high|30 minutes
2026-02-25 19:26:42|Autonomous Project Generation|high|30 minutes
2026-02-25 19:31:00|Autonomous Project Generation|high|30 minutes
2026-02-25 19:35:18|Autonomous Project Generation|high|30 minutes
2026-02-25 19:39:36|Autonomous Project Generation|high|30 minutes
2026-02-25 19:43:54|Autonomous Project Generation|high|30 minutes
2026-02-25 19:48:12|Autonomous Project Generation|high|30 minutes
2026-02-25 19:52:30|Autonomous Project Generation|high|30 minutes
2026-02-25 19:56:48|Autonomous Project Generation|high|30 minutes
2026-02-25 20:01:06|Autonomous Project Generation|high|30 minutes
2026-02-25 20:05:24|Autonomous Project Generation|high|30 minutes
2026-02-25 20:09:42|Autonomous Project Generation|high|30 minutes
2026-02-25 20:14:00|Autonomous Project Generation|high|30 minutes
2026-02-25 20:18:18|Autonomous Project Generation|high|30 minutes
2026-02-25 20:22:36|Autonomous Project Generation|high|30 minutes
2026-02-25 20:26:55|Autonomous Project Generation|high|30 minutes
2026-02-25 20:31:13|Autonomous Project Generation|high|30 minutes
2026-02-25 20:35:31|Autonomous Project Generation|high|30 minutes
2026-02-25 20:35:55|Integration Development|medium|4 hours
2026-02-25 20:39:49|Autonomous Project Generation|high|30 minutes
2026-02-25 20:44:07|Autonomous Project Generation|high|30 minutes
2026-02-25 20:48:25|Autonomous Project Generation|high|30 minutes
2026-02-25 20:52:43|Autonomous Project Generation|high|30 minutes
2026-02-25 20:57:01|Autonomous Project Generation|high|30 minutes
2026-02-25 21:01:19|Autonomous Project Generation|high|30 minutes
2026-02-25 21:05:37|Autonomous Project Generation|high|30 minutes
2026-02-25 21:09:55|Autonomous Project Generation|high|30 minutes
2026-02-25 21:14:13|Autonomous Project Generation|high|30 minutes
2026-02-25 21:18:31|Autonomous Project Generation|high|30 minutes
2026-02-25 21:22:49|Autonomous Project Generation|high|30 minutes
2026-02-25 21:27:07|Autonomous Project Generation|high|30 minutes
2026-02-25 21:31:25|Autonomous Project Generation|high|30 minutes
2026-02-25 21:35:43|Autonomous Project Generation|high|30 minutes
2026-02-25 21:40:01|Autonomous Project Generation|high|30 minutes
2026-02-25 21:44:19|Autonomous Project Generation|high|30 minutes
2026-02-25 21:48:37|Autonomous Project Generation|high|30 minutes
2026-02-25 21:52:55|Autonomous Project Generation|high|30 minutes
2026-02-25 21:57:14|Autonomous Project Generation|high|30 minutes
2026-02-25 22:01:32|Autonomous Project Generation|high|30 minutes
2026-02-25 22:05:50|Autonomous Project Generation|high|30 minutes
2026-02-25 22:10:08|Autonomous Project Generation|high|30 minutes
2026-02-25 22:14:26|Autonomous Project Generation|high|30 minutes
2026-02-25 22:18:44|Autonomous Project Generation|high|30 minutes
2026-02-25 22:23:02|Autonomous Project Generation|high|30 minutes
2026-02-25 22:27:20|Autonomous Project Generation|high|30 minutes
2026-02-25 22:31:38|Autonomous Project Generation|high|30 minutes
2026-02-25 22:35:55|New Feature Implementation|high|4 hours
2026-02-25 22:35:56|Autonomous Project Generation|high|30 minutes
2026-02-25 22:40:14|Autonomous Project Generation|high|30 minutes
2026-02-25 22:44:32|Autonomous Project Generation|high|30 minutes
2026-02-25 22:48:50|Autonomous Project Generation|high|30 minutes
2026-02-25 22:53:08|Autonomous Project Generation|high|30 minutes
2026-02-25 22:57:26|Autonomous Project Generation|high|30 minutes
2026-02-25 23:01:44|Autonomous Project Generation|high|30 minutes
2026-02-25 23:06:02|Autonomous Project Generation|high|30 minutes
2026-02-25 23:10:20|Autonomous Project Generation|high|30 minutes
2026-02-25 23:14:38|Autonomous Project Generation|high|30 minutes
2026-02-25 23:18:56|Autonomous Project Generation|high|30 minutes
2026-02-25 23:23:15|Autonomous Project Generation|high|30 minutes
2026-02-25 23:27:33|Autonomous Project Generation|high|30 minutes
2026-02-25 23:31:51|Autonomous Project Generation|high|30 minutes
2026-02-25 23:36:09|Autonomous Project Generation|high|30 minutes
2026-02-25 23:40:27|Autonomous Project Generation|high|30 minutes
2026-02-25 23:44:45|Autonomous Project Generation|high|30 minutes
2026-02-25 23:49:03|Autonomous Project Generation|high|30 minutes
2026-02-25 23:53:21|Autonomous Project Generation|high|30 minutes
2026-02-25 23:57:39|Autonomous Project Generation|high|30 minutes
2026-02-26 00:01:57|Autonomous Project Generation|high|30 minutes
2026-02-26 00:06:15|Autonomous Project Generation|high|30 minutes
2026-02-26 00:10:33|Autonomous Project Generation|high|30 minutes
2026-02-26 00:14:51|Autonomous Project Generation|high|30 minutes
2026-02-26 00:19:09|Autonomous Project Generation|high|30 minutes
2026-02-26 00:23:27|Autonomous Project Generation|high|30 minutes
2026-02-26 00:27:45|Autonomous Project Generation|high|30 minutes
2026-02-26 00:32:03|Autonomous Project Generation|high|30 minutes
2026-02-26 00:35:55|New Feature Implementation|high|4 hours
2026-02-26 00:36:21|Autonomous Project Generation|high|30 minutes
2026-02-26 00:40:39|Autonomous Project Generation|high|30 minutes
2026-02-26 00:44:57|Autonomous Project Generation|high|30 minutes
2026-02-26 00:49:15|Autonomous Project Generation|high|30 minutes
2026-02-26 00:53:34|Autonomous Project Generation|high|30 minutes
2026-02-26 00:57:52|Autonomous Project Generation|high|30 minutes
2026-02-26 01:02:10|Autonomous Project Generation|high|30 minutes
2026-02-26 01:06:28|Autonomous Project Generation|high|30 minutes
2026-02-26 01:10:46|Autonomous Project Generation|high|30 minutes
2026-02-26 01:15:04|Autonomous Project Generation|high|30 minutes
2026-02-26 01:19:22|Autonomous Project Generation|high|30 minutes
2026-02-26 01:23:40|Autonomous Project Generation|high|30 minutes
2026-02-26 01:27:58|Autonomous Project Generation|high|30 minutes
2026-02-26 01:32:16|Autonomous Project Generation|high|30 minutes
2026-02-26 01:36:34|Autonomous Project Generation|high|30 minutes
2026-02-26 01:40:52|Autonomous Project Generation|high|30 minutes
2026-02-26 01:45:10|Autonomous Project Generation|high|30 minutes
2026-02-26 01:49:28|Autonomous Project Generation|high|30 minutes
2026-02-26 01:53:46|Autonomous Project Generation|high|30 minutes
2026-02-26 01:58:04|Autonomous Project Generation|high|30 minutes
2026-02-26 02:02:22|Autonomous Project Generation|high|30 minutes
2026-02-26 02:06:40|Autonomous Project Generation|high|30 minutes
2026-02-26 02:10:58|Autonomous Project Generation|high|30 minutes
2026-02-26 02:15:16|Autonomous Project Generation|high|30 minutes
2026-02-26 02:19:34|Autonomous Project Generation|high|30 minutes
2026-02-26 02:23:53|Autonomous Project Generation|high|30 minutes
2026-02-26 02:28:11|Autonomous Project Generation|high|30 minutes
2026-02-26 02:32:29|Autonomous Project Generation|high|30 minutes
2026-02-26 02:35:55|Analytics Improvements|medium|3 hours
2026-02-26 02:36:47|Autonomous Project Generation|high|30 minutes
2026-02-26 02:41:05|Autonomous Project Generation|high|30 minutes
2026-02-26 02:45:23|Autonomous Project Generation|high|30 minutes
2026-02-26 02:49:41|Autonomous Project Generation|high|30 minutes
2026-02-26 02:53:59|Autonomous Project Generation|high|30 minutes
2026-02-26 02:58:17|Autonomous Project Generation|high|30 minutes
2026-02-26 03:02:35|Autonomous Project Generation|high|30 minutes
2026-02-26 03:06:53|Autonomous Project Generation|high|30 minutes
2026-02-26 03:11:11|Autonomous Project Generation|high|30 minutes
2026-02-26 03:15:29|Autonomous Project Generation|high|30 minutes
2026-02-26 03:19:47|Autonomous Project Generation|high|30 minutes
2026-02-26 03:24:05|Autonomous Project Generation|high|30 minutes
2026-02-26 03:28:23|Autonomous Project Generation|high|30 minutes
2026-02-26 03:32:41|Autonomous Project Generation|high|30 minutes
2026-02-26 03:36:59|Autonomous Project Generation|high|30 minutes
2026-02-26 03:41:17|Autonomous Project Generation|high|30 minutes
2026-02-26 03:45:35|Autonomous Project Generation|high|30 minutes
2026-02-26 03:49:53|Autonomous Project Generation|high|30 minutes
2026-02-26 03:54:12|Autonomous Project Generation|high|30 minutes
2026-02-26 03:58:30|Autonomous Project Generation|high|30 minutes
2026-02-26 04:02:48|Autonomous Project Generation|high|30 minutes
2026-02-26 04:07:06|Autonomous Project Generation|high|30 minutes
2026-02-26 04:11:24|Autonomous Project Generation|high|30 minutes
2026-02-26 04:15:42|Autonomous Project Generation|high|30 minutes
2026-02-26 04:20:00|Autonomous Project Generation|high|30 minutes
2026-02-26 04:24:18|Autonomous Project Generation|high|30 minutes
2026-02-26 04:28:36|Autonomous Project Generation|high|30 minutes
2026-02-26 04:32:54|Autonomous Project Generation|high|30 minutes
2026-02-26 04:35:55|Documentation Updates|low|1 hours
2026-02-26 04:37:12|Autonomous Project Generation|high|30 minutes
2026-02-26 04:41:30|Autonomous Project Generation|high|30 minutes
2026-02-26 04:45:48|Autonomous Project Generation|high|30 minutes
2026-02-26 04:50:06|Autonomous Project Generation|high|30 minutes
2026-02-26 04:54:24|Autonomous Project Generation|high|30 minutes
2026-02-26 04:58:42|Autonomous Project Generation|high|30 minutes
2026-02-26 05:03:00|Autonomous Project Generation|high|30 minutes
2026-02-26 05:07:18|Autonomous Project Generation|high|30 minutes
2026-02-26 05:11:36|Autonomous Project Generation|high|30 minutes
2026-02-26 05:15:54|Autonomous Project Generation|high|30 minutes
2026-02-26 05:20:12|Autonomous Project Generation|high|30 minutes
2026-02-26 05:24:31|Autonomous Project Generation|high|30 minutes
2026-02-26 05:28:49|Autonomous Project Generation|high|30 minutes
2026-02-26 05:33:07|Autonomous Project Generation|high|30 minutes
2026-02-26 05:37:25|Autonomous Project Generation|high|30 minutes
2026-02-26 05:41:43|Autonomous Project Generation|high|30 minutes
2026-02-26 05:46:01|Autonomous Project Generation|high|30 minutes
2026-02-26 05:50:19|Autonomous Project Generation|high|30 minutes
2026-02-26 05:54:37|Autonomous Project Generation|high|30 minutes
2026-02-26 05:58:55|Autonomous Project Generation|high|30 minutes
2026-02-26 06:03:13|Autonomous Project Generation|high|30 minutes
2026-02-26 06:07:31|Autonomous Project Generation|high|30 minutes
2026-02-26 06:11:49|Autonomous Project Generation|high|30 minutes
2026-02-26 06:16:07|Autonomous Project Generation|high|30 minutes
2026-02-26 06:20:25|Autonomous Project Generation|high|30 minutes
2026-02-26 06:24:43|Autonomous Project Generation|high|30 minutes
2026-02-26 06:29:01|Autonomous Project Generation|high|30 minutes
2026-02-26 06:33:19|Autonomous Project Generation|high|30 minutes
2026-02-26 06:35:55|Documentation Updates|low|1 hours
2026-02-26 06:37:37|Autonomous Project Generation|high|30 minutes
2026-02-26 06:41:55|Autonomous Project Generation|high|30 minutes
2026-02-26 06:46:13|Autonomous Project Generation|high|30 minutes
2026-02-26 06:50:31|Autonomous Project Generation|high|30 minutes
2026-02-26 06:54:50|Autonomous Project Generation|high|30 minutes
2026-02-26 06:59:08|Autonomous Project Generation|high|30 minutes
2026-02-26 07:03:26|Autonomous Project Generation|high|30 minutes
2026-02-26 07:07:44|Autonomous Project Generation|high|30 minutes
2026-02-26 07:12:02|Autonomous Project Generation|high|30 minutes
2026-02-26 07:16:20|Autonomous Project Generation|high|30 minutes
2026-02-26 07:20:38|Autonomous Project Generation|high|30 minutes
2026-02-26 07:24:56|Autonomous Project Generation|high|30 minutes
2026-02-26 07:29:14|Autonomous Project Generation|high|30 minutes
2026-02-26 07:33:32|Autonomous Project Generation|high|30 minutes
2026-02-26 07:37:50|Autonomous Project Generation|high|30 minutes
2026-02-26 07:42:08|Autonomous Project Generation|high|30 minutes
2026-02-26 07:46:26|Autonomous Project Generation|high|30 minutes
2026-02-26 07:50:44|Autonomous Project Generation|high|30 minutes
2026-02-26 07:55:02|Autonomous Project Generation|high|30 minutes
2026-02-26 07:59:20|Autonomous Project Generation|high|30 minutes
2026-02-26 08:03:38|Autonomous Project Generation|high|30 minutes
2026-02-26 08:07:56|Autonomous Project Generation|high|30 minutes
2026-02-26 08:12:14|Autonomous Project Generation|high|30 minutes
2026-02-26 08:16:32|Autonomous Project Generation|high|30 minutes
2026-02-26 08:20:51|Autonomous Project Generation|high|30 minutes
2026-02-26 08:25:09|Autonomous Project Generation|high|30 minutes
2026-02-26 08:29:27|Autonomous Project Generation|high|30 minutes
2026-02-26 08:33:45|Autonomous Project Generation|high|30 minutes
2026-02-26 08:35:55|Documentation Updates|low|1 hours
2026-02-26 08:38:03|Autonomous Project Generation|high|30 minutes
2026-02-26 08:42:21|Autonomous Project Generation|high|30 minutes
2026-02-26 08:46:39|Autonomous Project Generation|high|30 minutes
2026-02-26 08:50:57|Autonomous Project Generation|high|30 minutes
2026-02-26 08:55:15|Autonomous Project Generation|high|30 minutes
2026-02-26 08:59:33|Autonomous Project Generation|high|30 minutes
2026-02-26 09:03:57|Autonomous Project Generation|high|30 minutes
2026-02-26 09:08:31|Autonomous Project Generation|high|30 minutes
2026-02-26 09:13:03|Autonomous Project Generation|high|30 minutes
2026-02-26 09:17:42|Autonomous Project Generation|high|30 minutes
2026-02-26 09:22:31|Autonomous Project Generation|high|30 minutes
2026-02-26 10:16:19|Autonomous Project Generation|high|30 minutes
2026-02-26 10:35:56|Analytics Improvements|medium|3 hours
2026-02-26 11:40:16|Autonomous Project Generation|high|30 minutes
2026-02-26 12:36:02|Code Quality Improvements|medium|2 hours
2026-02-26 13:04:39|Autonomous Project Generation|high|30 minutes
2026-02-26 14:05:01|Autonomous Project Generation|high|30 minutes
2026-02-26 14:10:20|Autonomous Project Generation|high|30 minutes
2026-02-26 14:15:06|Autonomous Project Generation|high|30 minutes
2026-02-26 14:21:40|Autonomous Project Generation|high|30 minutes
2026-02-26 14:26:40|Autonomous Project Generation|high|30 minutes
2026-02-26 14:37:03|Integration Development|medium|4 hours
2026-02-26 17:58:37|Autonomous Project Generation|high|30 minutes
2026-02-27 06:53:42|Analytics Improvements|medium|3 hours
2026-02-27 07:21:54|Autonomous Project Generation|high|30 minutes
